host: udc-ba05-20c1
Building DAG of jobs...
/sfs/weka/scratch/cud2td/20260130_ATACseq/results/R1_L_1dpi_S2/tn5_motif/.complete: True 0
Singularity image location: /project/dremel_lab/workflows/singularity_images/35f5a2d6378f23399feb231c466aeec8.simg
shared_storage_local_copies: True
remote_exec: True
Submitting maximum 100 job(s) over 1.0 second(s).
Using shell: /usr/bin/bash
Provided remote nodes: 1
Resources before job selection: {'_cores': 9223372036854775807, '_nodes': 1, '_job_count': 9223372036854775807}
Ready jobs: 1
Select jobs to execute...
Selecting jobs to run using greedy solver.
Selected jobs: 1
Resources after job selection: {'_cores': 9223372036854775803, '_nodes': 0, '_job_count': 100}
Execute 1 jobs...

[Thu Mar 26 17:16:08 2026]
rule extract_tn5_motifs:
    input: /sfs/weka/scratch/cud2td/20260130_ATACseq/results/R1_L_1dpi_S2/align/R1_L_1dpi_S2.aligned.sorted.bam, /sfs/weka/scratch/cud2td/20260130_ATACseq/ref/ref.fa, /sfs/weka/scratch/cud2td/20260130_ATACseq/ref/ref.fa.regions.host, /project/dremel_lab/workflows/reference_data/fasta_gtf/NC_009333.1.fa.regions
    output: /sfs/weka/scratch/cud2td/20260130_ATACseq/results/R1_L_1dpi_S2/tn5_motif/.complete
    log: /sfs/weka/scratch/cud2td/20260130_ATACseq/results/logs/extract_tn5_motifs/R1_L_1dpi_S2.log
    jobid: 0
    reason: Forced execution
    wildcards: sample=R1_L_1dpi_S2
    threads: 4
    resources: mem_mb=122880, mem_mib=117188, disk_mb=27206, disk_mib=25946, tmpdir=<TBD>, threads=4, runtime=240, slurm_account=dremel_lab, slurm_partition=standard, slurm_ntasks=1
Shell command:
        set -exo pipefail
        mkdir -p $(dirname /sfs/weka/scratch/cud2td/20260130_ATACseq/results/logs/extract_tn5_motifs/R1_L_1dpi_S2.log)
        exec > >(tee -a /sfs/weka/scratch/cud2td/20260130_ATACseq/results/logs/extract_tn5_motifs/R1_L_1dpi_S2.log) 2>&1
        mkdir -p /sfs/weka/scratch/cud2td/20260130_ATACseq/results/R1_L_1dpi_S2/tn5_motif
        rm -f /sfs/weka/scratch/cud2td/20260130_ATACseq/results/R1_L_1dpi_S2/tn5_motif/.complete
        python /sfs/gpfs/tardis/project/dremel_lab/workflows/pipelines/chroma2/chroma2/workflow/scripts/extract_tn5_motifs.py \
          --bam /sfs/weka/scratch/cud2td/20260130_ATACseq/results/R1_L_1dpi_S2/align/R1_L_1dpi_S2.aligned.sorted.bam \
          --fasta /sfs/weka/scratch/cud2td/20260130_ATACseq/ref/ref.fa \
          --sample R1_L_1dpi_S2 \
          --outdir /sfs/weka/scratch/cud2td/20260130_ATACseq/results/R1_L_1dpi_S2/tn5_motif \
          --host-regions /sfs/weka/scratch/cud2td/20260130_ATACseq/ref/ref.fa.regions.host \
          --virus-regions NC_009333.1=/project/dremel_lab/workflows/reference_data/fasta_gtf/NC_009333.1.fa.regions \
          --flank-size 10 \
          --threads 4 \
          --mapq-min 0 \
           \
           \
           \
          --logo-format png
        touch /sfs/weka/scratch/cud2td/20260130_ATACseq/results/R1_L_1dpi_S2/tn5_motif/.complete

General args: ['--force', '--target-files-omit-workdir-adjustment', '', '--max-inventory-time 0', '--nocolor', '--notemp', '--no-hooks', '--nolock', '--ignore-incomplete', '', '--verbose ', '--rerun-triggers mtime software-env input code', '', '', '', '--deployment-method apptainer', "--conda-frontend 'conda'", '', '', "--apptainer-prefix '/project/dremel_lab/workflows/singularity_images'", '--apptainer-args base64//LS1iaW5kIC9wcm9qZWN0L2RyZW1lbF9sYWI6L3Byb2plY3QvZHJlbWVsX2xhYiAtLWJpbmQgL3N0YW5kYXJkL2RyZW1lbF9sYWI6L3N0YW5kYXJkL2RyZW1lbF9sYWIgLS1iaW5kIC9zZnMvZ3Bmcy90YXJkaXMvcHJvamVjdC9kcmVtZWxfbGFiOi9zZnMvZ3Bmcy90YXJkaXMvcHJvamVjdC9kcmVtZWxfbGFiIC0tYmluZCAvc2ZzL2NlcGgvc3RhbmRhcmQvZHJlbWVsX2xhYjovc2ZzL2NlcGgvc3RhbmRhcmQvZHJlbWVsX2xhYiAtLWJpbmQgL3Nmcy93ZWthL3NjcmF0Y2g6L3Nmcy93ZWthL3NjcmF0Y2ggLS1iaW5kIC9zY3JhdGNoOi9zY3JhdGNo', '', '--shared-fs-usage input-output sources source-cache storage-local-copies persistence software-deployment', '', "--wrapper-prefix 'https://github.com/snakemake/snakemake-wrappers/raw/'", '', '', '', '--printshellcmds ', '', '--latency-wait 300', "--scheduler 'ilp'", '', '--local-storage-prefix base64//LnNuYWtlbWFrZS9zdG9yYWdl', "--scheduler-solver-path '/sfs/gpfs/tardis/project/dremel_lab/miniforge3/envs/pipelines/bin'", '', '', '', '--set-resources base64//ZmFzdHA6bWVtX21iPTEyMjg4MA== base64//ZmFzdHA6cnVudGltZT00ODA= base64//ZmFzdHFjX3JhdzptZW1fbWI9MTIyODgw base64//ZmFzdHFjX3JhdzpydW50aW1lPTI0MA== base64//ZmFzdHFjX3RyaW1tZWQ6bWVtX21iPTEyMjg4MA== base64//ZmFzdHFjX3RyaW1tZWQ6cnVudGltZT0yNDA= base64//Ym93dGllMl9pbmRleDptZW1fbWI9MTIyODgw base64//Ym93dGllMl9pbmRleDpydW50aW1lPTI0MA== base64//Ym93dGllMl9hbGlnbjptZW1fbWI9MTIyODgw base64//Ym93dGllMl9hbGlnbjp0aHJlYWRzPTE2 base64//Ym93dGllMl9hbGlnbjpydW50aW1lPTE5MjA= base64//Ym93dGllMl9maWx0ZXI6bWVtX21iPTQ5MTUy base64//Ym93dGllMl9maWx0ZXI6dGhyZWFkcz00 base64//Ym93dGllMl9maWx0ZXI6cnVudGltZT00ODA= base64//YWxpZ25tZW50X2ZsYWdzdGF0X3N1bW1hcnk6bWVtX21iPTgxOTI= base64//YWxpZ25tZW50X2ZsYWdzdGF0X3N1bW1hcnk6dGhyZWFkcz0x base64//YWxpZ25tZW50X2ZsYWdzdGF0X3N1bW1hcnk6cnVudGltZT02MA== base64//ZXh0cmFjdF90bjVfbW90aWZzOm1lbV9tYj0xMjI4ODA= base64//ZXh0cmFjdF90bjVfbW90aWZzOnRocmVhZHM9NA== base64//ZXh0cmFjdF90bjVfbW90aWZzOnJ1bnRpbWU9MjQw base64//YXRhcXZfaG9zdDptZW1fbWI9NDA5NjA= base64//YXRhcXZfaG9zdDp0aHJlYWRzPTg= base64//YXRhcXZfaG9zdDpydW50aW1lPTI0MA== base64//YXRhcXZfdmlydXM6bWVtX21iPTQwOTYw base64//YXRhcXZfdmlydXM6dGhyZWFkcz04 base64//YXRhcXZfdmlydXM6cnVudGltZT0yNDA= base64//YXRhcXZfcmVwb3J0X2hvc3Q6bWVtX21iPTE2Mzg0 base64//YXRhcXZfcmVwb3J0X2hvc3Q6dGhyZWFkcz0y base64//YXRhcXZfcmVwb3J0X2hvc3Q6cnVudGltZT0xMjA= base64//YXRhcXZfcmVwb3J0X3ZpcnVzOm1lbV9tYj0xNjM4NA== base64//YXRhcXZfcmVwb3J0X3ZpcnVzOnRocmVhZHM9Mg== base64//YXRhcXZfcmVwb3J0X3ZpcnVzOnJ1bnRpbWU9MTIw base64//c3BsaXRfaG9zdF9iYW06bWVtX21iPTQwOTYw base64//c3BsaXRfaG9zdF9iYW06dGhyZWFkcz00 base64//c3BsaXRfaG9zdF9iYW06cnVudGltZT0yNDA= base64//c3BsaXRfdmlydXNfYmFtOm1lbV9tYj00MDk2MA== base64//c3BsaXRfdmlydXNfYmFtOnRocmVhZHM9NA== base64//c3BsaXRfdmlydXNfYmFtOnJ1bnRpbWU9MjQw base64//YmFtY292ZXJhZ2VfaG9zdDptZW1fbWI9MTIyODgw base64//YmFtY292ZXJhZ2VfaG9zdDp0aHJlYWRzPTg= base64//YmFtY292ZXJhZ2VfaG9zdDpydW50aW1lPTI0MA== base64//YmFtY292ZXJhZ2VfdmlydXM6bWVtX21iPTEyMjg4MA== base64//YmFtY292ZXJhZ2VfdmlydXM6dGhyZWFkcz04 base64//YmFtY292ZXJhZ2VfdmlydXM6cnVudGltZT0yNDA= base64//Z2VucmljaF9hdGFjX2NhbGxwZWFrX3ZpcnVzOm1lbV9tYj0xMjI4ODA= base64//Z2VucmljaF9hdGFjX2NhbGxwZWFrX3ZpcnVzOnRocmVhZHM9Mg== base64//Z2VucmljaF9hdGFjX2NhbGxwZWFrX3ZpcnVzOnJ1bnRpbWU9MjQw base64//Z2VucmljaF9hdGFjX2NhbGxwZWFrX2hvc3Q6bWVtX21iPTEyMjg4MA== base64//Z2VucmljaF9hdGFjX2NhbGxwZWFrX2hvc3Q6dGhyZWFkcz0y base64//Z2VucmljaF9hdGFjX2NhbGxwZWFrX2hvc3Q6cnVudGltZT0yNDA= base64//cG9vbF92aXJ1c19maWx0ZXJlZF9iYW06bWVtX21iPTEyMjg4MA== base64//cG9vbF92aXJ1c19maWx0ZXJlZF9iYW06dGhyZWFkcz00 base64//cG9vbF92aXJ1c19maWx0ZXJlZF9iYW06cnVudGltZT0yNDA= base64//cG9vbF92aXJ1c19xbmFtZV9iYW06bWVtX21iPTEyMjg4MA== base64//cG9vbF92aXJ1c19xbmFtZV9iYW06dGhyZWFkcz00 base64//cG9vbF92aXJ1c19xbmFtZV9iYW06cnVudGltZT0yNDA=', '--set-threads base64//ZmFzdHA9MTY= base64//ZmFzdHFjX3Jhdz04 base64//ZmFzdHFjX3RyaW1tZWQ9OA== base64//Ym93dGllMl9pbmRleD04 base64//ZXh0cmFjdF90bjVfbW90aWZzPTQ=', '', '--default-resources base64//bWVtX21iPTQwOTYw base64//ZGlza19tYj1tYXgoMippbnB1dC5zaXplX21iLCAxMDAwKSBpZiBpbnB1dCBlbHNlIDUwMDAw base64//dG1wZGlyPXN5c3RlbV90bXBkaXI= base64//dGhyZWFkcz0y base64//cnVudGltZT0yNDA= base64//c2x1cm1fYWNjb3VudD1kcmVtZWxfbGFi base64//c2x1cm1fcGFydGl0aW9uPXN0YW5kYXJk base64//c2x1cm1fbnRhc2tzPTE=']
This job is a group job: False
The call for this job is: srun -n1 --cpu-bind=q  --cpus-per-task=4  /sfs/gpfs/tardis/project/dremel_lab/miniforge3/envs/pipelines/bin/python3.11 -m snakemake --snakefile '/sfs/gpfs/tardis/project/dremel_lab/workflows/pipelines/chroma2/chroma2/workflow/Snakefile' --target-jobs 'extract_tn5_motifs:sample=R1_L_1dpi_S2' --allowed-rules extract_tn5_motifs --cores 'all' --attempt 3 --force-use-threads  --force --target-files-omit-workdir-adjustment --max-inventory-time 0 --nocolor --notemp --no-hooks --nolock --ignore-incomplete --verbose  --rerun-triggers mtime software-env input code --deployment-method apptainer --conda-frontend 'conda' --apptainer-prefix '/project/dremel_lab/workflows/singularity_images' --apptainer-args base64//LS1iaW5kIC9wcm9qZWN0L2RyZW1lbF9sYWI6L3Byb2plY3QvZHJlbWVsX2xhYiAtLWJpbmQgL3N0YW5kYXJkL2RyZW1lbF9sYWI6L3N0YW5kYXJkL2RyZW1lbF9sYWIgLS1iaW5kIC9zZnMvZ3Bmcy90YXJkaXMvcHJvamVjdC9kcmVtZWxfbGFiOi9zZnMvZ3Bmcy90YXJkaXMvcHJvamVjdC9kcmVtZWxfbGFiIC0tYmluZCAvc2ZzL2NlcGgvc3RhbmRhcmQvZHJlbWVsX2xhYjovc2ZzL2NlcGgvc3RhbmRhcmQvZHJlbWVsX2xhYiAtLWJpbmQgL3Nmcy93ZWthL3NjcmF0Y2g6L3Nmcy93ZWthL3NjcmF0Y2ggLS1iaW5kIC9zY3JhdGNoOi9zY3JhdGNo --shared-fs-usage input-output sources source-cache storage-local-copies persistence software-deployment --wrapper-prefix 'https://github.com/snakemake/snakemake-wrappers/raw/' --printshellcmds  --latency-wait 300 --scheduler 'ilp' --local-storage-prefix base64//LnNuYWtlbWFrZS9zdG9yYWdl --scheduler-solver-path '/sfs/gpfs/tardis/project/dremel_lab/miniforge3/envs/pipelines/bin' --set-resources base64//ZmFzdHA6bWVtX21iPTEyMjg4MA== base64//ZmFzdHA6cnVudGltZT00ODA= base64//ZmFzdHFjX3JhdzptZW1fbWI9MTIyODgw base64//ZmFzdHFjX3JhdzpydW50aW1lPTI0MA== base64//ZmFzdHFjX3RyaW1tZWQ6bWVtX21iPTEyMjg4MA== base64//ZmFzdHFjX3RyaW1tZWQ6cnVudGltZT0yNDA= base64//Ym93dGllMl9pbmRleDptZW1fbWI9MTIyODgw base64//Ym93dGllMl9pbmRleDpydW50aW1lPTI0MA== base64//Ym93dGllMl9hbGlnbjptZW1fbWI9MTIyODgw base64//Ym93dGllMl9hbGlnbjp0aHJlYWRzPTE2 base64//Ym93dGllMl9hbGlnbjpydW50aW1lPTE5MjA= base64//Ym93dGllMl9maWx0ZXI6bWVtX21iPTQ5MTUy base64//Ym93dGllMl9maWx0ZXI6dGhyZWFkcz00 base64//Ym93dGllMl9maWx0ZXI6cnVudGltZT00ODA= base64//YWxpZ25tZW50X2ZsYWdzdGF0X3N1bW1hcnk6bWVtX21iPTgxOTI= base64//YWxpZ25tZW50X2ZsYWdzdGF0X3N1bW1hcnk6dGhyZWFkcz0x base64//YWxpZ25tZW50X2ZsYWdzdGF0X3N1bW1hcnk6cnVudGltZT02MA== base64//ZXh0cmFjdF90bjVfbW90aWZzOm1lbV9tYj0xMjI4ODA= base64//ZXh0cmFjdF90bjVfbW90aWZzOnRocmVhZHM9NA== base64//ZXh0cmFjdF90bjVfbW90aWZzOnJ1bnRpbWU9MjQw base64//YXRhcXZfaG9zdDptZW1fbWI9NDA5NjA= base64//YXRhcXZfaG9zdDp0aHJlYWRzPTg= base64//YXRhcXZfaG9zdDpydW50aW1lPTI0MA== base64//YXRhcXZfdmlydXM6bWVtX21iPTQwOTYw base64//YXRhcXZfdmlydXM6dGhyZWFkcz04 base64//YXRhcXZfdmlydXM6cnVudGltZT0yNDA= base64//YXRhcXZfcmVwb3J0X2hvc3Q6bWVtX21iPTE2Mzg0 base64//YXRhcXZfcmVwb3J0X2hvc3Q6dGhyZWFkcz0y base64//YXRhcXZfcmVwb3J0X2hvc3Q6cnVudGltZT0xMjA= base64//YXRhcXZfcmVwb3J0X3ZpcnVzOm1lbV9tYj0xNjM4NA== base64//YXRhcXZfcmVwb3J0X3ZpcnVzOnRocmVhZHM9Mg== base64//YXRhcXZfcmVwb3J0X3ZpcnVzOnJ1bnRpbWU9MTIw base64//c3BsaXRfaG9zdF9iYW06bWVtX21iPTQwOTYw base64//c3BsaXRfaG9zdF9iYW06dGhyZWFkcz00 base64//c3BsaXRfaG9zdF9iYW06cnVudGltZT0yNDA= base64//c3BsaXRfdmlydXNfYmFtOm1lbV9tYj00MDk2MA== base64//c3BsaXRfdmlydXNfYmFtOnRocmVhZHM9NA== base64//c3BsaXRfdmlydXNfYmFtOnJ1bnRpbWU9MjQw base64//YmFtY292ZXJhZ2VfaG9zdDptZW1fbWI9MTIyODgw base64//YmFtY292ZXJhZ2VfaG9zdDp0aHJlYWRzPTg= base64//YmFtY292ZXJhZ2VfaG9zdDpydW50aW1lPTI0MA== base64//YmFtY292ZXJhZ2VfdmlydXM6bWVtX21iPTEyMjg4MA== base64//YmFtY292ZXJhZ2VfdmlydXM6dGhyZWFkcz04 base64//YmFtY292ZXJhZ2VfdmlydXM6cnVudGltZT0yNDA= base64//Z2VucmljaF9hdGFjX2NhbGxwZWFrX3ZpcnVzOm1lbV9tYj0xMjI4ODA= base64//Z2VucmljaF9hdGFjX2NhbGxwZWFrX3ZpcnVzOnRocmVhZHM9Mg== base64//Z2VucmljaF9hdGFjX2NhbGxwZWFrX3ZpcnVzOnJ1bnRpbWU9MjQw base64//Z2VucmljaF9hdGFjX2NhbGxwZWFrX2hvc3Q6bWVtX21iPTEyMjg4MA== base64//Z2VucmljaF9hdGFjX2NhbGxwZWFrX2hvc3Q6dGhyZWFkcz0y base64//Z2VucmljaF9hdGFjX2NhbGxwZWFrX2hvc3Q6cnVudGltZT0yNDA= base64//cG9vbF92aXJ1c19maWx0ZXJlZF9iYW06bWVtX21iPTEyMjg4MA== base64//cG9vbF92aXJ1c19maWx0ZXJlZF9iYW06dGhyZWFkcz00 base64//cG9vbF92aXJ1c19maWx0ZXJlZF9iYW06cnVudGltZT0yNDA= base64//cG9vbF92aXJ1c19xbmFtZV9iYW06bWVtX21iPTEyMjg4MA== base64//cG9vbF92aXJ1c19xbmFtZV9iYW06dGhyZWFkcz00 base64//cG9vbF92aXJ1c19xbmFtZV9iYW06cnVudGltZT0yNDA= --set-threads base64//ZmFzdHA9MTY= base64//ZmFzdHFjX3Jhdz04 base64//ZmFzdHFjX3RyaW1tZWQ9OA== base64//Ym93dGllMl9pbmRleD04 base64//ZXh0cmFjdF90bjVfbW90aWZzPTQ= --default-resources base64//bWVtX21iPTQwOTYw base64//ZGlza19tYj1tYXgoMippbnB1dC5zaXplX21iLCAxMDAwKSBpZiBpbnB1dCBlbHNlIDUwMDAw base64//dG1wZGlyPXN5c3RlbV90bXBkaXI= base64//dGhyZWFkcz0y base64//cnVudGltZT0yNDA= base64//c2x1cm1fYWNjb3VudD1kcmVtZWxfbGFi base64//c2x1cm1fcGFydGl0aW9uPXN0YW5kYXJk base64//c2x1cm1fbnRhc2tzPTE= --mode 'remote'
Job is running on host: udc-ba05-20c1
host: udc-ba05-20c1
Building DAG of jobs...
/sfs/weka/scratch/cud2td/20260130_ATACseq/results/R1_L_1dpi_S2/tn5_motif/.complete: True 0
Singularity image location: /project/dremel_lab/workflows/singularity_images/35f5a2d6378f23399feb231c466aeec8.simg
shared_storage_local_copies: True
remote_exec: True
Submitting maximum 100 job(s) over 1.0 second(s).
Using shell: /usr/bin/bash
Provided cores: 4
Rules claiming more threads will be scaled down.
Resources before job selection: {'_cores': 4, '_nodes': 9223372036854775807, '_job_count': 9223372036854775807}
Ready jobs: 1
Select jobs to execute...
Selecting jobs to run using greedy solver.
Selected jobs: 1
Resources after job selection: {'_cores': 0, '_nodes': 9223372036854775806, '_job_count': 100}
Execute 1 jobs...

[Thu Mar 26 17:16:09 2026]
localrule extract_tn5_motifs:
    input: /sfs/weka/scratch/cud2td/20260130_ATACseq/results/R1_L_1dpi_S2/align/R1_L_1dpi_S2.aligned.sorted.bam, /sfs/weka/scratch/cud2td/20260130_ATACseq/ref/ref.fa, /sfs/weka/scratch/cud2td/20260130_ATACseq/ref/ref.fa.regions.host, /project/dremel_lab/workflows/reference_data/fasta_gtf/NC_009333.1.fa.regions
    output: /sfs/weka/scratch/cud2td/20260130_ATACseq/results/R1_L_1dpi_S2/tn5_motif/.complete
    log: /sfs/weka/scratch/cud2td/20260130_ATACseq/results/logs/extract_tn5_motifs/R1_L_1dpi_S2.log
    jobid: 0
    reason: Forced execution
    wildcards: sample=R1_L_1dpi_S2
    threads: 4
    resources: mem_mb=122880, mem_mib=117188, disk_mb=27206, disk_mib=25946, tmpdir=/tmp, threads=4, runtime=240, slurm_account=dremel_lab, slurm_partition=standard, slurm_ntasks=1
Shell command:
        set -exo pipefail
        mkdir -p $(dirname /sfs/weka/scratch/cud2td/20260130_ATACseq/results/logs/extract_tn5_motifs/R1_L_1dpi_S2.log)
        exec > >(tee -a /sfs/weka/scratch/cud2td/20260130_ATACseq/results/logs/extract_tn5_motifs/R1_L_1dpi_S2.log) 2>&1
        mkdir -p /sfs/weka/scratch/cud2td/20260130_ATACseq/results/R1_L_1dpi_S2/tn5_motif
        rm -f /sfs/weka/scratch/cud2td/20260130_ATACseq/results/R1_L_1dpi_S2/tn5_motif/.complete
        python /sfs/gpfs/tardis/project/dremel_lab/workflows/pipelines/chroma2/chroma2/workflow/scripts/extract_tn5_motifs.py \
          --bam /sfs/weka/scratch/cud2td/20260130_ATACseq/results/R1_L_1dpi_S2/align/R1_L_1dpi_S2.aligned.sorted.bam \
          --fasta /sfs/weka/scratch/cud2td/20260130_ATACseq/ref/ref.fa \
          --sample R1_L_1dpi_S2 \
          --outdir /sfs/weka/scratch/cud2td/20260130_ATACseq/results/R1_L_1dpi_S2/tn5_motif \
          --host-regions /sfs/weka/scratch/cud2td/20260130_ATACseq/ref/ref.fa.regions.host \
          --virus-regions NC_009333.1=/project/dremel_lab/workflows/reference_data/fasta_gtf/NC_009333.1.fa.regions \
          --flank-size 10 \
          --threads 4 \
          --mapq-min 0 \
           \
           \
           \
          --logo-format png
        touch /sfs/weka/scratch/cud2td/20260130_ATACseq/results/R1_L_1dpi_S2/tn5_motif/.complete

 singularity  exec --home '/sfs/weka/scratch/cud2td/20260130_ATACseq' --bind /project/dremel_lab:/project/dremel_lab --bind /standard/dremel_lab:/standard/dremel_lab --bind /sfs/gpfs/tardis/project/dremel_lab:/sfs/gpfs/tardis/project/dremel_lab --bind /sfs/ceph/standard/dremel_lab:/sfs/ceph/standard/dremel_lab --bind /sfs/weka/scratch:/sfs/weka/scratch --bind /scratch:/scratch /project/dremel_lab/workflows/singularity_images/35f5a2d6378f23399feb231c466aeec8.simg bash -c 'set -euo pipefail;
        set -exo pipefail
        mkdir -p $(dirname /sfs/weka/scratch/cud2td/20260130_ATACseq/results/logs/extract_tn5_motifs/R1_L_1dpi_S2.log)
        exec > >(tee -a /sfs/weka/scratch/cud2td/20260130_ATACseq/results/logs/extract_tn5_motifs/R1_L_1dpi_S2.log) 2>&1
        mkdir -p /sfs/weka/scratch/cud2td/20260130_ATACseq/results/R1_L_1dpi_S2/tn5_motif
        rm -f /sfs/weka/scratch/cud2td/20260130_ATACseq/results/R1_L_1dpi_S2/tn5_motif/.complete
        python /sfs/gpfs/tardis/project/dremel_lab/workflows/pipelines/chroma2/chroma2/workflow/scripts/extract_tn5_motifs.py \
          --bam /sfs/weka/scratch/cud2td/20260130_ATACseq/results/R1_L_1dpi_S2/align/R1_L_1dpi_S2.aligned.sorted.bam \
          --fasta /sfs/weka/scratch/cud2td/20260130_ATACseq/ref/ref.fa \
          --sample R1_L_1dpi_S2 \
          --outdir /sfs/weka/scratch/cud2td/20260130_ATACseq/results/R1_L_1dpi_S2/tn5_motif \
          --host-regions /sfs/weka/scratch/cud2td/20260130_ATACseq/ref/ref.fa.regions.host \
          --virus-regions NC_009333.1=/project/dremel_lab/workflows/reference_data/fasta_gtf/NC_009333.1.fa.regions \
          --flank-size 10 \
          --threads 4 \
          --mapq-min 0 \
           \
           \
           \
          --logo-format png
        touch /sfs/weka/scratch/cud2td/20260130_ATACseq/results/R1_L_1dpi_S2/tn5_motif/.complete'
Activating singularity image /project/dremel_lab/workflows/singularity_images/35f5a2d6378f23399feb231c466aeec8.simg
Waiting for running jobs to complete.
++ dirname /sfs/weka/scratch/cud2td/20260130_ATACseq/results/logs/extract_tn5_motifs/R1_L_1dpi_S2.log
+ mkdir -p /sfs/weka/scratch/cud2td/20260130_ATACseq/results/logs/extract_tn5_motifs
+ exec
++ tee -a /sfs/weka/scratch/cud2td/20260130_ATACseq/results/logs/extract_tn5_motifs/R1_L_1dpi_S2.log
+ mkdir -p /sfs/weka/scratch/cud2td/20260130_ATACseq/results/R1_L_1dpi_S2/tn5_motif
+ rm -f /sfs/weka/scratch/cud2td/20260130_ATACseq/results/R1_L_1dpi_S2/tn5_motif/.complete
+ python /sfs/gpfs/tardis/project/dremel_lab/workflows/pipelines/chroma2/chroma2/workflow/scripts/extract_tn5_motifs.py --bam /sfs/weka/scratch/cud2td/20260130_ATACseq/results/R1_L_1dpi_S2/align/R1_L_1dpi_S2.aligned.sorted.bam --fasta /sfs/weka/scratch/cud2td/20260130_ATACseq/ref/ref.fa --sample R1_L_1dpi_S2 --outdir /sfs/weka/scratch/cud2td/20260130_ATACseq/results/R1_L_1dpi_S2/tn5_motif --host-regions /sfs/weka/scratch/cud2td/20260130_ATACseq/ref/ref.fa.regions.host --virus-regions NC_009333.1=/project/dremel_lab/workflows/reference_data/fasta_gtf/NC_009333.1.fa.regions --flank-size 10 --threads 4 --mapq-min 0 --logo-format png
[W::hts_idx_load3] The index file is older than the data file: /sfs/weka/scratch/cud2td/20260130_ATACseq/results/R1_L_1dpi_S2/align/R1_L_1dpi_S2.aligned.sorted.bam.bai
Traceback (most recent call last):
  File "/sfs/gpfs/tardis/project/dremel_lab/workflows/pipelines/chroma2/chroma2/workflow/scripts/extract_tn5_motifs.py", line 594, in <module>
    main()
  File "/sfs/gpfs/tardis/project/dremel_lab/workflows/pipelines/chroma2/chroma2/workflow/scripts/extract_tn5_motifs.py", line 569, in main
    flush(bucket)
  File "/sfs/gpfs/tardis/project/dremel_lab/workflows/pipelines/chroma2/chroma2/workflow/scripts/extract_tn5_motifs.py", line 562, in flush
    update_writer(writers[key], fasta, site)
  File "/sfs/gpfs/tardis/project/dremel_lab/workflows/pipelines/chroma2/chroma2/workflow/scripts/extract_tn5_motifs.py", line 414, in update_writer
    if dedup_key in writer.seen:
       ^^^^^^^^^^^^^^^^^^^^^^^^
TypeError: argument of type 'NoneType' is not iterable
Full Traceback (most recent call last):
  File "/sfs/gpfs/tardis/project/dremel_lab/miniforge3/envs/pipelines/lib/python3.11/site-packages/snakemake/executors/local.py", line 425, in run_wrapper
    run(
  File "/sfs/gpfs/tardis/project/dremel_lab/workflows/pipelines/chroma2/chroma2/workflow/rules/tn5motif.smk", line 185, in __rule_extract_tn5_motifs
    "{sample}",
  File "/sfs/gpfs/tardis/project/dremel_lab/miniforge3/envs/pipelines/lib/python3.11/site-packages/snakemake/shell.py", line 358, in __new__
    raise sp.CalledProcessError(retcode, cmd)
subprocess.CalledProcessError: Command ' singularity  exec --home '/sfs/weka/scratch/cud2td/20260130_ATACseq' --bind /project/dremel_lab:/project/dremel_lab --bind /standard/dremel_lab:/standard/dremel_lab --bind /sfs/gpfs/tardis/project/dremel_lab:/sfs/gpfs/tardis/project/dremel_lab --bind /sfs/ceph/standard/dremel_lab:/sfs/ceph/standard/dremel_lab --bind /sfs/weka/scratch:/sfs/weka/scratch --bind /scratch:/scratch /project/dremel_lab/workflows/singularity_images/35f5a2d6378f23399feb231c466aeec8.simg bash -c 'set -euo pipefail;
        set -exo pipefail
        mkdir -p $(dirname /sfs/weka/scratch/cud2td/20260130_ATACseq/results/logs/extract_tn5_motifs/R1_L_1dpi_S2.log)
        exec > >(tee -a /sfs/weka/scratch/cud2td/20260130_ATACseq/results/logs/extract_tn5_motifs/R1_L_1dpi_S2.log) 2>&1
        mkdir -p /sfs/weka/scratch/cud2td/20260130_ATACseq/results/R1_L_1dpi_S2/tn5_motif
        rm -f /sfs/weka/scratch/cud2td/20260130_ATACseq/results/R1_L_1dpi_S2/tn5_motif/.complete
        python /sfs/gpfs/tardis/project/dremel_lab/workflows/pipelines/chroma2/chroma2/workflow/scripts/extract_tn5_motifs.py \
          --bam /sfs/weka/scratch/cud2td/20260130_ATACseq/results/R1_L_1dpi_S2/align/R1_L_1dpi_S2.aligned.sorted.bam \
          --fasta /sfs/weka/scratch/cud2td/20260130_ATACseq/ref/ref.fa \
          --sample R1_L_1dpi_S2 \
          --outdir /sfs/weka/scratch/cud2td/20260130_ATACseq/results/R1_L_1dpi_S2/tn5_motif \
          --host-regions /sfs/weka/scratch/cud2td/20260130_ATACseq/ref/ref.fa.regions.host \
          --virus-regions NC_009333.1=/project/dremel_lab/workflows/reference_data/fasta_gtf/NC_009333.1.fa.regions \
          --flank-size 10 \
          --threads 4 \
          --mapq-min 0 \
           \
           \
           \
          --logo-format png
        touch /sfs/weka/scratch/cud2td/20260130_ATACseq/results/R1_L_1dpi_S2/tn5_motif/.complete'' returned non-zero exit status 1.

Full Traceback (most recent call last):
  File "/sfs/gpfs/tardis/project/dremel_lab/miniforge3/envs/pipelines/lib/python3.11/site-packages/snakemake/executors/local.py", line 425, in run_wrapper
    run(
  File "/sfs/gpfs/tardis/project/dremel_lab/workflows/pipelines/chroma2/chroma2/workflow/rules/tn5motif.smk", line 185, in __rule_extract_tn5_motifs
    "{sample}",
  File "/sfs/gpfs/tardis/project/dremel_lab/miniforge3/envs/pipelines/lib/python3.11/site-packages/snakemake/shell.py", line 358, in __new__
    raise sp.CalledProcessError(retcode, cmd)
subprocess.CalledProcessError: Command ' singularity  exec --home '/sfs/weka/scratch/cud2td/20260130_ATACseq' --bind /project/dremel_lab:/project/dremel_lab --bind /standard/dremel_lab:/standard/dremel_lab --bind /sfs/gpfs/tardis/project/dremel_lab:/sfs/gpfs/tardis/project/dremel_lab --bind /sfs/ceph/standard/dremel_lab:/sfs/ceph/standard/dremel_lab --bind /sfs/weka/scratch:/sfs/weka/scratch --bind /scratch:/scratch /project/dremel_lab/workflows/singularity_images/35f5a2d6378f23399feb231c466aeec8.simg bash -c 'set -euo pipefail;
        set -exo pipefail
        mkdir -p $(dirname /sfs/weka/scratch/cud2td/20260130_ATACseq/results/logs/extract_tn5_motifs/R1_L_1dpi_S2.log)
        exec > >(tee -a /sfs/weka/scratch/cud2td/20260130_ATACseq/results/logs/extract_tn5_motifs/R1_L_1dpi_S2.log) 2>&1
        mkdir -p /sfs/weka/scratch/cud2td/20260130_ATACseq/results/R1_L_1dpi_S2/tn5_motif
        rm -f /sfs/weka/scratch/cud2td/20260130_ATACseq/results/R1_L_1dpi_S2/tn5_motif/.complete
        python /sfs/gpfs/tardis/project/dremel_lab/workflows/pipelines/chroma2/chroma2/workflow/scripts/extract_tn5_motifs.py \
          --bam /sfs/weka/scratch/cud2td/20260130_ATACseq/results/R1_L_1dpi_S2/align/R1_L_1dpi_S2.aligned.sorted.bam \
          --fasta /sfs/weka/scratch/cud2td/20260130_ATACseq/ref/ref.fa \
          --sample R1_L_1dpi_S2 \
          --outdir /sfs/weka/scratch/cud2td/20260130_ATACseq/results/R1_L_1dpi_S2/tn5_motif \
          --host-regions /sfs/weka/scratch/cud2td/20260130_ATACseq/ref/ref.fa.regions.host \
          --virus-regions NC_009333.1=/project/dremel_lab/workflows/reference_data/fasta_gtf/NC_009333.1.fa.regions \
          --flank-size 10 \
          --threads 4 \
          --mapq-min 0 \
           \
           \
           \
          --logo-format png
        touch /sfs/weka/scratch/cud2td/20260130_ATACseq/results/R1_L_1dpi_S2/tn5_motif/.complete'' returned non-zero exit status 1.

During handling of the above exception, another exception occurred:

Traceback (most recent call last):
  File "/sfs/gpfs/tardis/project/dremel_lab/miniforge3/envs/pipelines/lib/python3.11/concurrent/futures/thread.py", line 58, in run
    result = self.fn(*self.args, **self.kwargs)
             ^^^^^^^^^^^^^^^^^^^^^^^^^^^^^^^^^^
  File "/sfs/gpfs/tardis/project/dremel_lab/miniforge3/envs/pipelines/lib/python3.11/site-packages/snakemake/executors/local.py", line 247, in cached_or_run
    run_func(*args)
  File "/sfs/gpfs/tardis/project/dremel_lab/miniforge3/envs/pipelines/lib/python3.11/site-packages/snakemake/executors/local.py", line 461, in run_wrapper
    raise RuleException(
snakemake.exceptions.RuleException: CalledProcessError in file "/sfs/gpfs/tardis/project/dremel_lab/workflows/pipelines/chroma2/chroma2/workflow/rules/tn5motif.smk", line 139:
Command ' singularity  exec --home '/sfs/weka/scratch/cud2td/20260130_ATACseq' --bind /project/dremel_lab:/project/dremel_lab --bind /standard/dremel_lab:/standard/dremel_lab --bind /sfs/gpfs/tardis/project/dremel_lab:/sfs/gpfs/tardis/project/dremel_lab --bind /sfs/ceph/standard/dremel_lab:/sfs/ceph/standard/dremel_lab --bind /sfs/weka/scratch:/sfs/weka/scratch --bind /scratch:/scratch /project/dremel_lab/workflows/singularity_images/35f5a2d6378f23399feb231c466aeec8.simg bash -c 'set -euo pipefail;
        set -exo pipefail
        mkdir -p $(dirname /sfs/weka/scratch/cud2td/20260130_ATACseq/results/logs/extract_tn5_motifs/R1_L_1dpi_S2.log)
        exec > >(tee -a /sfs/weka/scratch/cud2td/20260130_ATACseq/results/logs/extract_tn5_motifs/R1_L_1dpi_S2.log) 2>&1
        mkdir -p /sfs/weka/scratch/cud2td/20260130_ATACseq/results/R1_L_1dpi_S2/tn5_motif
        rm -f /sfs/weka/scratch/cud2td/20260130_ATACseq/results/R1_L_1dpi_S2/tn5_motif/.complete
        python /sfs/gpfs/tardis/project/dremel_lab/workflows/pipelines/chroma2/chroma2/workflow/scripts/extract_tn5_motifs.py \
          --bam /sfs/weka/scratch/cud2td/20260130_ATACseq/results/R1_L_1dpi_S2/align/R1_L_1dpi_S2.aligned.sorted.bam \
          --fasta /sfs/weka/scratch/cud2td/20260130_ATACseq/ref/ref.fa \
          --sample R1_L_1dpi_S2 \
          --outdir /sfs/weka/scratch/cud2td/20260130_ATACseq/results/R1_L_1dpi_S2/tn5_motif \
          --host-regions /sfs/weka/scratch/cud2td/20260130_ATACseq/ref/ref.fa.regions.host \
          --virus-regions NC_009333.1=/project/dremel_lab/workflows/reference_data/fasta_gtf/NC_009333.1.fa.regions \
          --flank-size 10 \
          --threads 4 \
          --mapq-min 0 \
           \
           \
           \
          --logo-format png
        touch /sfs/weka/scratch/cud2td/20260130_ATACseq/results/R1_L_1dpi_S2/tn5_motif/.complete'' returned non-zero exit status 1.

RuleException:
CalledProcessError in file "/sfs/gpfs/tardis/project/dremel_lab/workflows/pipelines/chroma2/chroma2/workflow/rules/tn5motif.smk", line 139:
Command ' singularity  exec --home '/sfs/weka/scratch/cud2td/20260130_ATACseq' --bind /project/dremel_lab:/project/dremel_lab --bind /standard/dremel_lab:/standard/dremel_lab --bind /sfs/gpfs/tardis/project/dremel_lab:/sfs/gpfs/tardis/project/dremel_lab --bind /sfs/ceph/standard/dremel_lab:/sfs/ceph/standard/dremel_lab --bind /sfs/weka/scratch:/sfs/weka/scratch --bind /scratch:/scratch /project/dremel_lab/workflows/singularity_images/35f5a2d6378f23399feb231c466aeec8.simg bash -c 'set -euo pipefail;
        set -exo pipefail
        mkdir -p $(dirname /sfs/weka/scratch/cud2td/20260130_ATACseq/results/logs/extract_tn5_motifs/R1_L_1dpi_S2.log)
        exec > >(tee -a /sfs/weka/scratch/cud2td/20260130_ATACseq/results/logs/extract_tn5_motifs/R1_L_1dpi_S2.log) 2>&1
        mkdir -p /sfs/weka/scratch/cud2td/20260130_ATACseq/results/R1_L_1dpi_S2/tn5_motif
        rm -f /sfs/weka/scratch/cud2td/20260130_ATACseq/results/R1_L_1dpi_S2/tn5_motif/.complete
        python /sfs/gpfs/tardis/project/dremel_lab/workflows/pipelines/chroma2/chroma2/workflow/scripts/extract_tn5_motifs.py \
          --bam /sfs/weka/scratch/cud2td/20260130_ATACseq/results/R1_L_1dpi_S2/align/R1_L_1dpi_S2.aligned.sorted.bam \
          --fasta /sfs/weka/scratch/cud2td/20260130_ATACseq/ref/ref.fa \
          --sample R1_L_1dpi_S2 \
          --outdir /sfs/weka/scratch/cud2td/20260130_ATACseq/results/R1_L_1dpi_S2/tn5_motif \
          --host-regions /sfs/weka/scratch/cud2td/20260130_ATACseq/ref/ref.fa.regions.host \
          --virus-regions NC_009333.1=/project/dremel_lab/workflows/reference_data/fasta_gtf/NC_009333.1.fa.regions \
          --flank-size 10 \
          --threads 4 \
          --mapq-min 0 \
           \
           \
           \
          --logo-format png
        touch /sfs/weka/scratch/cud2td/20260130_ATACseq/results/R1_L_1dpi_S2/tn5_motif/.complete'' returned non-zero exit status 1.
[Thu Mar 26 17:16:11 2026]
Error in rule extract_tn5_motifs:
    message: None
    jobid: 0
    input: /sfs/weka/scratch/cud2td/20260130_ATACseq/results/R1_L_1dpi_S2/align/R1_L_1dpi_S2.aligned.sorted.bam, /sfs/weka/scratch/cud2td/20260130_ATACseq/ref/ref.fa, /sfs/weka/scratch/cud2td/20260130_ATACseq/ref/ref.fa.regions.host, /project/dremel_lab/workflows/reference_data/fasta_gtf/NC_009333.1.fa.regions
    output: /sfs/weka/scratch/cud2td/20260130_ATACseq/results/R1_L_1dpi_S2/tn5_motif/.complete
    log: /sfs/weka/scratch/cud2td/20260130_ATACseq/results/logs/extract_tn5_motifs/R1_L_1dpi_S2.log (check log file(s) for error details)
    shell:

        set -exo pipefail
        mkdir -p $(dirname /sfs/weka/scratch/cud2td/20260130_ATACseq/results/logs/extract_tn5_motifs/R1_L_1dpi_S2.log)
        exec > >(tee -a /sfs/weka/scratch/cud2td/20260130_ATACseq/results/logs/extract_tn5_motifs/R1_L_1dpi_S2.log) 2>&1
        mkdir -p /sfs/weka/scratch/cud2td/20260130_ATACseq/results/R1_L_1dpi_S2/tn5_motif
        rm -f /sfs/weka/scratch/cud2td/20260130_ATACseq/results/R1_L_1dpi_S2/tn5_motif/.complete
        python /sfs/gpfs/tardis/project/dremel_lab/workflows/pipelines/chroma2/chroma2/workflow/scripts/extract_tn5_motifs.py \
          --bam /sfs/weka/scratch/cud2td/20260130_ATACseq/results/R1_L_1dpi_S2/align/R1_L_1dpi_S2.aligned.sorted.bam \
          --fasta /sfs/weka/scratch/cud2td/20260130_ATACseq/ref/ref.fa \
          --sample R1_L_1dpi_S2 \
          --outdir /sfs/weka/scratch/cud2td/20260130_ATACseq/results/R1_L_1dpi_S2/tn5_motif \
          --host-regions /sfs/weka/scratch/cud2td/20260130_ATACseq/ref/ref.fa.regions.host \
          --virus-regions NC_009333.1=/project/dremel_lab/workflows/reference_data/fasta_gtf/NC_009333.1.fa.regions \
          --flank-size 10 \
          --threads 4 \
          --mapq-min 0 \
           \
           \
           \
          --logo-format png
        touch /sfs/weka/scratch/cud2td/20260130_ATACseq/results/R1_L_1dpi_S2/tn5_motif/.complete

        (command exited with non-zero exit code)
Shutting down, this might take some time.
Exiting because a job execution failed. Look below for error messages
[Thu Mar 26 17:16:11 2026]
Error in rule extract_tn5_motifs:
    message: None
    jobid: 0
    input: /sfs/weka/scratch/cud2td/20260130_ATACseq/results/R1_L_1dpi_S2/align/R1_L_1dpi_S2.aligned.sorted.bam, /sfs/weka/scratch/cud2td/20260130_ATACseq/ref/ref.fa, /sfs/weka/scratch/cud2td/20260130_ATACseq/ref/ref.fa.regions.host, /project/dremel_lab/workflows/reference_data/fasta_gtf/NC_009333.1.fa.regions
    output: /sfs/weka/scratch/cud2td/20260130_ATACseq/results/R1_L_1dpi_S2/tn5_motif/.complete
    log: /sfs/weka/scratch/cud2td/20260130_ATACseq/results/logs/extract_tn5_motifs/R1_L_1dpi_S2.log (check log file(s) for error details)
    shell:

        set -exo pipefail
        mkdir -p $(dirname /sfs/weka/scratch/cud2td/20260130_ATACseq/results/logs/extract_tn5_motifs/R1_L_1dpi_S2.log)
        exec > >(tee -a /sfs/weka/scratch/cud2td/20260130_ATACseq/results/logs/extract_tn5_motifs/R1_L_1dpi_S2.log) 2>&1
        mkdir -p /sfs/weka/scratch/cud2td/20260130_ATACseq/results/R1_L_1dpi_S2/tn5_motif
        rm -f /sfs/weka/scratch/cud2td/20260130_ATACseq/results/R1_L_1dpi_S2/tn5_motif/.complete
        python /sfs/gpfs/tardis/project/dremel_lab/workflows/pipelines/chroma2/chroma2/workflow/scripts/extract_tn5_motifs.py \
          --bam /sfs/weka/scratch/cud2td/20260130_ATACseq/results/R1_L_1dpi_S2/align/R1_L_1dpi_S2.aligned.sorted.bam \
          --fasta /sfs/weka/scratch/cud2td/20260130_ATACseq/ref/ref.fa \
          --sample R1_L_1dpi_S2 \
          --outdir /sfs/weka/scratch/cud2td/20260130_ATACseq/results/R1_L_1dpi_S2/tn5_motif \
          --host-regions /sfs/weka/scratch/cud2td/20260130_ATACseq/ref/ref.fa.regions.host \
          --virus-regions NC_009333.1=/project/dremel_lab/workflows/reference_data/fasta_gtf/NC_009333.1.fa.regions \
          --flank-size 10 \
          --threads 4 \
          --mapq-min 0 \
           \
           \
           \
          --logo-format png
        touch /sfs/weka/scratch/cud2td/20260130_ATACseq/results/R1_L_1dpi_S2/tn5_motif/.complete

        (command exited with non-zero exit code)
Storing output in storage.
Full Traceback (most recent call last):
  File "/sfs/gpfs/tardis/project/dremel_lab/miniforge3/envs/pipelines/lib/python3.11/site-packages/snakemake/cli.py", line 2165, in args_to_api
    dag_api.execute_workflow(
  File "/sfs/gpfs/tardis/project/dremel_lab/miniforge3/envs/pipelines/lib/python3.11/site-packages/snakemake/api.py", line 603, in execute_workflow
    workflow.execute(
  File "/sfs/gpfs/tardis/project/dremel_lab/miniforge3/envs/pipelines/lib/python3.11/site-packages/snakemake/workflow.py", line 1451, in execute
    raise WorkflowError("At least one job did not complete successfully.")
snakemake_interface_common.exceptions.WorkflowError: At least one job did not complete successfully.

WorkflowError:
At least one job did not complete successfully.
/sfs/weka/scratch/cud2td/20260130_ATACseq
Snakemake working directory: /sfs/weka/scratch/cud2td/20260130_ATACseq
FASTAS_REGIONS_GTFS:
  - /project/dremel_lab/workflows/reference_data/fasta_gtf/hg38_basic.fa
  - /project/dremel_lab/workflows/reference_data/fasta_gtf/BAC16Insert.fa
  - /project/dremel_lab/workflows/reference_data/fasta_gtf/NC_009333.1.fa
  - /project/dremel_lab/workflows/reference_data/fasta_gtf/hg38_basic.fa.regions
  - /project/dremel_lab/workflows/reference_data/fasta_gtf/BAC16Insert.fa.regions
  - /project/dremel_lab/workflows/reference_data/fasta_gtf/NC_009333.1.fa.regions
  - /project/dremel_lab/workflows/reference_data/fasta_gtf/hg38_basic.gtf
  - /project/dremel_lab/workflows/reference_data/fasta_gtf/BAC16Insert.gtf
  - /project/dremel_lab/workflows/reference_data/fasta_gtf/NC_009333.1.gtf
  - /project/dremel_lab/workflows/reference_data/fasta_gtf/hg38_basic.chrR.gtf
  - /project/dremel_lab/workflows/reference_data/fasta_gtf/hg38_basic.tRNAs.hg38_basicchroms.gtf
Validating ref.regions file for unique genome names and sequence IDs...

✅ All genome names are unique and sequence IDs are uniquely assigned.
srun: error: udc-ba05-20c1: task 0: Exited with exit code 1
srun: Terminating StepId=10678067.0
[Thu Mar 26 17:16:12 2026]
Error in rule extract_tn5_motifs:
    message: None
    jobid: 0
    input: /sfs/weka/scratch/cud2td/20260130_ATACseq/results/R1_L_1dpi_S2/align/R1_L_1dpi_S2.aligned.sorted.bam, /sfs/weka/scratch/cud2td/20260130_ATACseq/ref/ref.fa, /sfs/weka/scratch/cud2td/20260130_ATACseq/ref/ref.fa.regions.host, /project/dremel_lab/workflows/reference_data/fasta_gtf/NC_009333.1.fa.regions
    output: /sfs/weka/scratch/cud2td/20260130_ATACseq/results/R1_L_1dpi_S2/tn5_motif/.complete
    log: /sfs/weka/scratch/cud2td/20260130_ATACseq/results/logs/extract_tn5_motifs/R1_L_1dpi_S2.log (check log file(s) for error details)
    shell:

        set -exo pipefail
        mkdir -p $(dirname /sfs/weka/scratch/cud2td/20260130_ATACseq/results/logs/extract_tn5_motifs/R1_L_1dpi_S2.log)
        exec > >(tee -a /sfs/weka/scratch/cud2td/20260130_ATACseq/results/logs/extract_tn5_motifs/R1_L_1dpi_S2.log) 2>&1
        mkdir -p /sfs/weka/scratch/cud2td/20260130_ATACseq/results/R1_L_1dpi_S2/tn5_motif
        rm -f /sfs/weka/scratch/cud2td/20260130_ATACseq/results/R1_L_1dpi_S2/tn5_motif/.complete
        python /sfs/gpfs/tardis/project/dremel_lab/workflows/pipelines/chroma2/chroma2/workflow/scripts/extract_tn5_motifs.py \
          --bam /sfs/weka/scratch/cud2td/20260130_ATACseq/results/R1_L_1dpi_S2/align/R1_L_1dpi_S2.aligned.sorted.bam \
          --fasta /sfs/weka/scratch/cud2td/20260130_ATACseq/ref/ref.fa \
          --sample R1_L_1dpi_S2 \
          --outdir /sfs/weka/scratch/cud2td/20260130_ATACseq/results/R1_L_1dpi_S2/tn5_motif \
          --host-regions /sfs/weka/scratch/cud2td/20260130_ATACseq/ref/ref.fa.regions.host \
          --virus-regions NC_009333.1=/project/dremel_lab/workflows/reference_data/fasta_gtf/NC_009333.1.fa.regions \
          --flank-size 10 \
          --threads 4 \
          --mapq-min 0 \
           \
           \
           \
          --logo-format png
        touch /sfs/weka/scratch/cud2td/20260130_ATACseq/results/R1_L_1dpi_S2/tn5_motif/.complete

        (command exited with non-zero exit code)
Waiting for running jobs to complete.
Shutting down, this might take some time.
Exiting because a job execution failed. Look below for error messages
[Thu Mar 26 17:16:12 2026]
Error in rule extract_tn5_motifs:
    message: None
    jobid: 0
    input: /sfs/weka/scratch/cud2td/20260130_ATACseq/results/R1_L_1dpi_S2/align/R1_L_1dpi_S2.aligned.sorted.bam, /sfs/weka/scratch/cud2td/20260130_ATACseq/ref/ref.fa, /sfs/weka/scratch/cud2td/20260130_ATACseq/ref/ref.fa.regions.host, /project/dremel_lab/workflows/reference_data/fasta_gtf/NC_009333.1.fa.regions
    output: /sfs/weka/scratch/cud2td/20260130_ATACseq/results/R1_L_1dpi_S2/tn5_motif/.complete
    log: /sfs/weka/scratch/cud2td/20260130_ATACseq/results/logs/extract_tn5_motifs/R1_L_1dpi_S2.log (check log file(s) for error details)
    shell:

        set -exo pipefail
        mkdir -p $(dirname /sfs/weka/scratch/cud2td/20260130_ATACseq/results/logs/extract_tn5_motifs/R1_L_1dpi_S2.log)
        exec > >(tee -a /sfs/weka/scratch/cud2td/20260130_ATACseq/results/logs/extract_tn5_motifs/R1_L_1dpi_S2.log) 2>&1
        mkdir -p /sfs/weka/scratch/cud2td/20260130_ATACseq/results/R1_L_1dpi_S2/tn5_motif
        rm -f /sfs/weka/scratch/cud2td/20260130_ATACseq/results/R1_L_1dpi_S2/tn5_motif/.complete
        python /sfs/gpfs/tardis/project/dremel_lab/workflows/pipelines/chroma2/chroma2/workflow/scripts/extract_tn5_motifs.py \
          --bam /sfs/weka/scratch/cud2td/20260130_ATACseq/results/R1_L_1dpi_S2/align/R1_L_1dpi_S2.aligned.sorted.bam \
          --fasta /sfs/weka/scratch/cud2td/20260130_ATACseq/ref/ref.fa \
          --sample R1_L_1dpi_S2 \
          --outdir /sfs/weka/scratch/cud2td/20260130_ATACseq/results/R1_L_1dpi_S2/tn5_motif \
          --host-regions /sfs/weka/scratch/cud2td/20260130_ATACseq/ref/ref.fa.regions.host \
          --virus-regions NC_009333.1=/project/dremel_lab/workflows/reference_data/fasta_gtf/NC_009333.1.fa.regions \
          --flank-size 10 \
          --threads 4 \
          --mapq-min 0 \
           \
           \
           \
          --logo-format png
        touch /sfs/weka/scratch/cud2td/20260130_ATACseq/results/R1_L_1dpi_S2/tn5_motif/.complete

        (command exited with non-zero exit code)
Storing output in storage.
Full Traceback (most recent call last):
  File "/sfs/gpfs/tardis/project/dremel_lab/miniforge3/envs/pipelines/lib/python3.11/site-packages/snakemake/cli.py", line 2165, in args_to_api
    dag_api.execute_workflow(
  File "/sfs/gpfs/tardis/project/dremel_lab/miniforge3/envs/pipelines/lib/python3.11/site-packages/snakemake/api.py", line 603, in execute_workflow
    workflow.execute(
  File "/sfs/gpfs/tardis/project/dremel_lab/miniforge3/envs/pipelines/lib/python3.11/site-packages/snakemake/workflow.py", line 1451, in execute
    raise WorkflowError("At least one job did not complete successfully.")
snakemake_interface_common.exceptions.WorkflowError: At least one job did not complete successfully.

WorkflowError:
At least one job did not complete successfully.
/sfs/weka/scratch/cud2td/20260130_ATACseq
Snakemake working directory: /sfs/weka/scratch/cud2td/20260130_ATACseq
FASTAS_REGIONS_GTFS:
  - /project/dremel_lab/workflows/reference_data/fasta_gtf/hg38_basic.fa
  - /project/dremel_lab/workflows/reference_data/fasta_gtf/BAC16Insert.fa
  - /project/dremel_lab/workflows/reference_data/fasta_gtf/NC_009333.1.fa
  - /project/dremel_lab/workflows/reference_data/fasta_gtf/hg38_basic.fa.regions
  - /project/dremel_lab/workflows/reference_data/fasta_gtf/BAC16Insert.fa.regions
  - /project/dremel_lab/workflows/reference_data/fasta_gtf/NC_009333.1.fa.regions
  - /project/dremel_lab/workflows/reference_data/fasta_gtf/hg38_basic.gtf
  - /project/dremel_lab/workflows/reference_data/fasta_gtf/BAC16Insert.gtf
  - /project/dremel_lab/workflows/reference_data/fasta_gtf/NC_009333.1.gtf
  - /project/dremel_lab/workflows/reference_data/fasta_gtf/hg38_basic.chrR.gtf
  - /project/dremel_lab/workflows/reference_data/fasta_gtf/hg38_basic.tRNAs.hg38_basicchroms.gtf
Validating ref.regions file for unique genome names and sequence IDs...

✅ All genome names are unique and sequence IDs are uniquely assigned.
