host: udc-aw32-2c0
Full Traceback (most recent call last):
  File "/sfs/gpfs/tardis/project/dremel_lab/miniforge3/envs/pipelines/lib/python3.11/site-packages/snakemake/cli.py", line 2165, in args_to_api
    dag_api.execute_workflow(
  File "/sfs/gpfs/tardis/project/dremel_lab/miniforge3/envs/pipelines/lib/python3.11/site-packages/snakemake/api.py", line 603, in execute_workflow
    workflow.execute(
  File "/sfs/gpfs/tardis/project/dremel_lab/miniforge3/envs/pipelines/lib/python3.11/site-packages/snakemake/workflow.py", line 1221, in execute
    async_run(
  File "/sfs/gpfs/tardis/project/dremel_lab/miniforge3/envs/pipelines/lib/python3.11/site-packages/snakemake/common/__init__.py", line 99, in async_run
    return asyncio.run(coroutine)
           ^^^^^^^^^^^^^^^^^^^^^^
  File "/sfs/gpfs/tardis/project/dremel_lab/miniforge3/envs/pipelines/lib/python3.11/asyncio/runners.py", line 190, in run
    return runner.run(main)
           ^^^^^^^^^^^^^^^^
  File "/sfs/gpfs/tardis/project/dremel_lab/miniforge3/envs/pipelines/lib/python3.11/asyncio/runners.py", line 118, in run
    return self._loop.run_until_complete(task)
           ^^^^^^^^^^^^^^^^^^^^^^^^^^^^^^^^^^^
  File "/sfs/gpfs/tardis/project/dremel_lab/miniforge3/envs/pipelines/lib/python3.11/asyncio/base_events.py", line 654, in run_until_complete
    return future.result()
           ^^^^^^^^^^^^^^^
  File "/sfs/gpfs/tardis/project/dremel_lab/miniforge3/envs/pipelines/lib/python3.11/site-packages/snakemake/io/__init__.py", line 1037, in wait_for_files
    missing = await get_missing()
              ^^^^^^^^^^^^^^^^^^^
  File "/sfs/gpfs/tardis/project/dremel_lab/miniforge3/envs/pipelines/lib/python3.11/site-packages/snakemake/io/__init__.py", line 1035, in get_missing
    return list(filter(None, [await eval_file(f) for f in files]))
                             ^^^^^^^^^^^^^^^^^^^^^^^^^^^^^^^^^^^
  File "/sfs/gpfs/tardis/project/dremel_lab/miniforge3/envs/pipelines/lib/python3.11/site-packages/snakemake/io/__init__.py", line 1035, in <listcomp>
    return list(filter(None, [await eval_file(f) for f in files]))
                              ^^^^^^^^^^^^^^^^^^
  File "/sfs/gpfs/tardis/project/dremel_lab/miniforge3/envs/pipelines/lib/python3.11/site-packages/snakemake/io/__init__.py", line 1032, in eval_file
    return f"{fmt_iofile(f)} (missing locally)"
              ^^^^^^^^^^^^^
  File "/sfs/gpfs/tardis/project/dremel_lab/miniforge3/envs/pipelines/lib/python3.11/site-packages/snakemake/io/fmt.py", line 8, in fmt_iofile
    if f.is_storage:
       ^^^^^^^^^^^^
AttributeError: 'str' object has no attribute 'is_storage'

Traceback (most recent call last):

  File "/sfs/gpfs/tardis/project/dremel_lab/miniforge3/envs/pipelines/lib/python3.11/site-packages/snakemake/cli.py", line 2165, in args_to_api
    dag_api.execute_workflow(

  File "/sfs/gpfs/tardis/project/dremel_lab/miniforge3/envs/pipelines/lib/python3.11/site-packages/snakemake/api.py", line 603, in execute_workflow
    workflow.execute(

  File "/sfs/gpfs/tardis/project/dremel_lab/miniforge3/envs/pipelines/lib/python3.11/site-packages/snakemake/workflow.py", line 1221, in execute
    async_run(

  File "/sfs/gpfs/tardis/project/dremel_lab/miniforge3/envs/pipelines/lib/python3.11/site-packages/snakemake/common/__init__.py", line 99, in async_run
    return asyncio.run(coroutine)
           ^^^^^^^^^^^^^^^^^^^^^^

  File "/sfs/gpfs/tardis/project/dremel_lab/miniforge3/envs/pipelines/lib/python3.11/asyncio/runners.py", line 190, in run
    return runner.run(main)
           ^^^^^^^^^^^^^^^^

  File "/sfs/gpfs/tardis/project/dremel_lab/miniforge3/envs/pipelines/lib/python3.11/asyncio/runners.py", line 118, in run
    return self._loop.run_until_complete(task)
           ^^^^^^^^^^^^^^^^^^^^^^^^^^^^^^^^^^^

  File "/sfs/gpfs/tardis/project/dremel_lab/miniforge3/envs/pipelines/lib/python3.11/asyncio/base_events.py", line 654, in run_until_complete
    return future.result()
           ^^^^^^^^^^^^^^^

  File "/sfs/gpfs/tardis/project/dremel_lab/miniforge3/envs/pipelines/lib/python3.11/site-packages/snakemake/io/__init__.py", line 1037, in wait_for_files
    missing = await get_missing()
              ^^^^^^^^^^^^^^^^^^^

  File "/sfs/gpfs/tardis/project/dremel_lab/miniforge3/envs/pipelines/lib/python3.11/site-packages/snakemake/io/__init__.py", line 1035, in get_missing
    return list(filter(None, [await eval_file(f) for f in files]))
                             ^^^^^^^^^^^^^^^^^^^^^^^^^^^^^^^^^^^

  File "/sfs/gpfs/tardis/project/dremel_lab/miniforge3/envs/pipelines/lib/python3.11/site-packages/snakemake/io/__init__.py", line 1035, in <listcomp>
    return list(filter(None, [await eval_file(f) for f in files]))
                              ^^^^^^^^^^^^^^^^^^

  File "/sfs/gpfs/tardis/project/dremel_lab/miniforge3/envs/pipelines/lib/python3.11/site-packages/snakemake/io/__init__.py", line 1032, in eval_file
    return f"{fmt_iofile(f)} (missing locally)"
              ^^^^^^^^^^^^^

  File "/sfs/gpfs/tardis/project/dremel_lab/miniforge3/envs/pipelines/lib/python3.11/site-packages/snakemake/io/fmt.py", line 8, in fmt_iofile
    if f.is_storage:
       ^^^^^^^^^^^^

AttributeError: 'str' object has no attribute 'is_storage'

/sfs/weka/scratch/cud2td/20260130_ATACseq
Snakemake working directory: /sfs/weka/scratch/cud2td/20260130_ATACseq
FASTAS_REGIONS_GTFS:
  - /project/dremel_lab/workflows/reference_data/fasta_gtf/hg38_basic.fa
  - /project/dremel_lab/workflows/reference_data/fasta_gtf/BAC16Insert.fa
  - /project/dremel_lab/workflows/reference_data/fasta_gtf/NC_009333.1.fa
  - /project/dremel_lab/workflows/reference_data/fasta_gtf/hg38_basic.fa.regions
  - /project/dremel_lab/workflows/reference_data/fasta_gtf/BAC16Insert.fa.regions
  - /project/dremel_lab/workflows/reference_data/fasta_gtf/NC_009333.1.fa.regions
  - /project/dremel_lab/workflows/reference_data/fasta_gtf/hg38_basic.gtf
  - /project/dremel_lab/workflows/reference_data/fasta_gtf/BAC16Insert.gtf
  - /project/dremel_lab/workflows/reference_data/fasta_gtf/NC_009333.1.gtf
  - /project/dremel_lab/workflows/reference_data/fasta_gtf/hg38.chrR.gtf
  - /project/dremel_lab/workflows/reference_data/fasta_gtf/hg38.tRNAs.hg38chroms.gtf
Validating ref.regions file for unique genome names and sequence IDs...

✅ All genome names are unique and sequence IDs are uniquely assigned.
